<title>Vdbench output/config.html</title><pre>
Output from script /home/ayushsavar/Downloads/Assignment4/Assignment-4/vdbench/linux/config.sh: 

Wednesday 30 October 2024 12:15:22 AM IST
>>>>>uname -a
Linux ayushSavar-HP-ProDesk-600-G6-Microtower-PC 5.19.0-32-generic #33~22.04.1-Ubuntu SMP PREEMPT_DYNAMIC Mon Jan 30 17:03:34 UTC 2 x86_64 x86_64 x86_64 GNU/Linux
Wednesday 30 October 2024 12:15:22 AM IST
>>>>>ifconfig -a
eno1: flags=4163<UP,BROADCAST,RUNNING,MULTICAST>  mtu 1500
        inet 172.16.115.7  netmask 255.255.248.0  broadcast 172.16.119.255
        inet6 fe80::bdfe:697f:6f80:ee09  prefixlen 64  scopeid 0x20<link>
        ether 6c:02:e0:67:3b:31  txqueuelen 1000  (Ethernet)
        RX packets 282126  bytes 296925934 (296.9 MB)
        RX errors 0  dropped 0  overruns 0  frame 0
        TX packets 113591  bytes 26618128 (26.6 MB)
        TX errors 0  dropped 0 overruns 0  carrier 0  collisions 0
        device interrupt 16  memory 0xe1100000-e1120000  

lo: flags=73<UP,LOOPBACK,RUNNING>  mtu 65536
        inet 127.0.0.1  netmask 255.0.0.0
        inet6 ::1  prefixlen 128  scopeid 0x10<host>
        loop  txqueuelen 1000  (Local Loopback)
        RX packets 8254  bytes 1311669 (1.3 MB)
        RX errors 0  dropped 0  overruns 0  frame 0
        TX packets 8254  bytes 1311669 (1.3 MB)
        TX errors 0  dropped 0 overruns 0  carrier 0  collisions 0

Wednesday 30 October 2024 12:15:22 AM IST
>>>>>id
uid=0(root) gid=0(root) groups=0(root)
Wednesday 30 October 2024 12:15:22 AM IST
>>>>>mount
sysfs on /sys type sysfs (rw,nosuid,nodev,noexec,relatime)
proc on /proc type proc (rw,nosuid,nodev,noexec,relatime)
udev on /dev type devtmpfs (rw,nosuid,relatime,size=8038708k,nr_inodes=2009677,mode=755,inode64)
devpts on /dev/pts type devpts (rw,nosuid,noexec,relatime,gid=5,mode=620,ptmxmode=000)
tmpfs on /run type tmpfs (rw,nosuid,nodev,noexec,relatime,size=1615500k,mode=755,inode64)
/dev/sda2 on / type ext4 (rw,relatime,errors=remount-ro)
securityfs on /sys/kernel/security type securityfs (rw,nosuid,nodev,noexec,relatime)
tmpfs on /dev/shm type tmpfs (rw,nosuid,nodev,inode64)
tmpfs on /run/lock type tmpfs (rw,nosuid,nodev,noexec,relatime,size=5120k,inode64)
cgroup2 on /sys/fs/cgroup type cgroup2 (rw,nosuid,nodev,noexec,relatime,nsdelegate,memory_recursiveprot)
pstore on /sys/fs/pstore type pstore (rw,nosuid,nodev,noexec,relatime)
efivarfs on /sys/firmware/efi/efivars type efivarfs (rw,nosuid,nodev,noexec,relatime)
bpf on /sys/fs/bpf type bpf (rw,nosuid,nodev,noexec,relatime,mode=700)
systemd-1 on /proc/sys/fs/binfmt_misc type autofs (rw,relatime,fd=29,pgrp=1,timeout=0,minproto=5,maxproto=5,direct,pipe_ino=31376)
mqueue on /dev/mqueue type mqueue (rw,nosuid,nodev,noexec,relatime)
debugfs on /sys/kernel/debug type debugfs (rw,nosuid,nodev,noexec,relatime)
tracefs on /sys/kernel/tracing type tracefs (rw,nosuid,nodev,noexec,relatime)
hugetlbfs on /dev/hugepages type hugetlbfs (rw,relatime,pagesize=2M)
fusectl on /sys/fs/fuse/connections type fusectl (rw,nosuid,nodev,noexec,relatime)
configfs on /sys/kernel/config type configfs (rw,nosuid,nodev,noexec,relatime)
ramfs on /run/credentials/systemd-sysusers.service type ramfs (ro,nosuid,nodev,noexec,relatime,mode=700)
/var/lib/snapd/snaps/bare_5.snap on /snap/bare/5 type squashfs (ro,nodev,relatime,errors=continue,x-gdu.hide)
/var/lib/snapd/snaps/core20_2379.snap on /snap/core20/2379 type squashfs (ro,nodev,relatime,errors=continue,x-gdu.hide)
/var/lib/snapd/snaps/core22_1621.snap on /snap/core22/1621 type squashfs (ro,nodev,relatime,errors=continue,x-gdu.hide)
/var/lib/snapd/snaps/gnome-42-2204_172.snap on /snap/gnome-42-2204/172 type squashfs (ro,nodev,relatime,errors=continue,x-gdu.hide)
/var/lib/snapd/snaps/snapd_21184.snap on /snap/snapd/21184 type squashfs (ro,nodev,relatime,errors=continue,x-gdu.hide)
/var/lib/snapd/snaps/snapd-desktop-integration_178.snap on /snap/snapd-desktop-integration/178 type squashfs (ro,nodev,relatime,errors=continue,x-gdu.hide)
/dev/sda2 on /var/snap/firefox/common/host-hunspell type ext4 (ro,noexec,noatime,errors=remount-ro)
/var/lib/snapd/snaps/firefox_4136.snap on /snap/firefox/4136 type squashfs (ro,nodev,relatime,errors=continue,x-gdu.hide)
/var/lib/snapd/snaps/snapd-desktop-integration_253.snap on /snap/snapd-desktop-integration/253 type squashfs (ro,nodev,relatime,errors=continue,x-gdu.hide)
/var/lib/snapd/snaps/snapd_21759.snap on /snap/snapd/21759 type squashfs (ro,nodev,relatime,errors=continue,x-gdu.hide)
/var/lib/snapd/snaps/gnome-3-38-2004_143.snap on /snap/gnome-3-38-2004/143 type squashfs (ro,nodev,relatime,errors=continue,x-gdu.hide)
/var/lib/snapd/snaps/firefox_5134.snap on /snap/firefox/5134 type squashfs (ro,nodev,relatime,errors=continue,x-gdu.hide)
/var/lib/snapd/snaps/snap-store_1113.snap on /snap/snap-store/1113 type squashfs (ro,nodev,relatime,errors=continue,x-gdu.hide)
/var/lib/snapd/snaps/mysql-workbench-community_12.snap on /snap/mysql-workbench-community/12 type squashfs (ro,nodev,relatime,errors=continue,x-gdu.hide)
/var/lib/snapd/snaps/mysql-workbench-community_13.snap on /snap/mysql-workbench-community/13 type squashfs (ro,nodev,relatime,errors=continue,x-gdu.hide)
/var/lib/snapd/snaps/snap-store_959.snap on /snap/snap-store/959 type squashfs (ro,nodev,relatime,errors=continue,x-gdu.hide)
/var/lib/snapd/snaps/gnome-3-38-2004_119.snap on /snap/gnome-3-38-2004/119 type squashfs (ro,nodev,relatime,errors=continue,x-gdu.hide)
/var/lib/snapd/snaps/gtk-common-themes_1535.snap on /snap/gtk-common-themes/1535 type squashfs (ro,nodev,relatime,errors=continue,x-gdu.hide)
/var/lib/snapd/snaps/gnome-42-2204_176.snap on /snap/gnome-42-2204/176 type squashfs (ro,nodev,relatime,errors=continue,x-gdu.hide)
/dev/sda1 on /boot/efi type vfat (rw,relatime,fmask=0077,dmask=0077,codepage=437,iocharset=iso8859-1,shortname=mixed,errors=remount-ro)
binfmt_misc on /proc/sys/fs/binfmt_misc type binfmt_misc (rw,nosuid,nodev,noexec,relatime)
tmpfs on /run/snapd/ns type tmpfs (rw,nosuid,nodev,noexec,relatime,size=1615500k,mode=755,inode64)
nsfs on /run/snapd/ns/snapd-desktop-integration.mnt type nsfs (rw)
tmpfs on /run/user/1000 type tmpfs (rw,nosuid,nodev,relatime,size=1615500k,nr_inodes=403875,mode=700,uid=1000,gid=1000,inode64)
gvfsd-fuse on /run/user/1000/gvfs type fuse.gvfsd-fuse (rw,nosuid,nodev,relatime,user_id=1000,group_id=1000)
portal on /run/user/1000/doc type fuse.portal (rw,nosuid,nodev,relatime,user_id=1000,group_id=1000)
nsfs on /run/snapd/ns/snap-store.mnt type nsfs (rw)
/var/lib/snapd/snaps/core20_2434.snap on /snap/core20/2434 type squashfs (ro,nodev,relatime,errors=continue,x-gdu.hide)
/var/lib/snapd/snaps/core22_1663.snap on /snap/core22/1663 type squashfs (ro,nodev,relatime,errors=continue,x-gdu.hide)
Wednesday 30 October 2024 12:15:22 AM IST
>>>>>memory
MemTotal:       16155000 kB
MemFree:         7993764 kB
MemAvailable:   11482536 kB
Buffers:          112628 kB
Cached:          3725648 kB
SwapCached:            0 kB
Active:          2430520 kB
Inactive:        4960560 kB
Active(anon):       3812 kB
Inactive(anon):  3724072 kB
Active(file):    2426708 kB
Inactive(file):  1236488 kB
Unevictable:         156 kB
Mlocked:              32 kB
SwapTotal:       2097148 kB
SwapFree:        2097148 kB
Zswap:                 0 kB
Zswapped:              0 kB
Dirty:               384 kB
Writeback:             0 kB
AnonPages:       3553348 kB
Mapped:           666564 kB
Shmem:            175080 kB
KReclaimable:     157164 kB
Slab:             394464 kB
SReclaimable:     157164 kB
SUnreclaim:       237300 kB
KernelStack:       18676 kB
PageTables:        45248 kB
NFS_Unstable:          0 kB
Bounce:                0 kB
WritebackTmp:          0 kB
CommitLimit:    10174648 kB
Committed_AS:   13324800 kB
VmallocTotal:   34359738367 kB
VmallocUsed:      169056 kB
VmallocChunk:          0 kB
Percpu:            18752 kB
HardwareCorrupted:     0 kB
AnonHugePages:         0 kB
ShmemHugePages:        0 kB
ShmemPmdMapped:        0 kB
FileHugePages:         0 kB
FilePmdMapped:         0 kB
HugePages_Total:       0
HugePages_Free:        0
HugePages_Rsvd:        0
HugePages_Surp:        0
Hugepagesize:       2048 kB
Hugetlb:               0 kB
DirectMap4k:      539240 kB
DirectMap2M:    12863488 kB
DirectMap1G:     3145728 kB
               total        used        free      shared  buff/cache   available
Mem:        16155000     4165796     7993764      175080     3995440    11482536
Low:        16155000     8161236     7993764
High:              0           0           0
Swap:        2097148           0     2097148
Wednesday 30 October 2024 12:15:22 AM IST
>>>>>ps -ef | grep -i vdb
root       15741   15734  1 00:15 pts/0    00:00:00 sudo ./vdbench -f workload2 anchor=/zfs_pool
root       15743   15741  0 00:15 pts/1    00:00:00 sudo ./vdbench -f workload2 anchor=/zfs_pool
root       15744   15743  0 00:15 pts/1    00:00:00 /bin/bash ./vdbench -f workload2 anchor=/zfs_pool
root       15746   15744 39 00:15 pts/1    00:00:00 java -client -Xmx512m -Xms64m -cp ./:./classes:./vdbench.jar Vdb.Vdbmain -f workload2 anchor=/zfs_pool
root       15775   15746  0 00:15 pts/1    00:00:00 /bin/bash /home/ayushsavar/Downloads/Assignment4/Assignment-4/vdbench/vdbench SlaveJvm -m localhost -n localhost-10-241030-00.15.21.962 -l localhost-0 -p 5570
root       15779   15775 27 00:15 pts/1    00:00:00 java -client -Xmx1024m -Xms128m -cp /home/ayushsavar/Downloads/Assignment4/Assignment-4/vdbench/:/home/ayushsavar/Downloads/Assignment4/Assignment-4/vdbench/classes:/home/ayushsavar/Downloads/Assignment4/Assignment-4/vdbench/vdbench.jar Vdb.SlaveJvm SlaveJvm -m localhost -n localhost-10-241030-00.15.21.962 -l localhost-0 -p 5570
root       15810   15746  0 00:15 pts/1    00:00:00 /bin/bash /home/ayushsavar/Downloads/Assignment4/Assignment-4/vdbench/linux/config.sh -o /home/ayushsavar/Downloads/Assignment4/Assignment-4/vdbench/output localhost
root       15826   15810  0 00:15 pts/1    00:00:00 grep -i vdb

