<title>Vdbench output/config.html</title><pre>
Output from script /home/ayushsavar/Downloads/Assignment4/Assignment-4/vdbench/linux/config.sh: 

Wednesday 30 October 2024 12:01:43 AM IST
>>>>>uname -a
Linux ayushSavar-HP-ProDesk-600-G6-Microtower-PC 5.19.0-32-generic #33~22.04.1-Ubuntu SMP PREEMPT_DYNAMIC Mon Jan 30 17:03:34 UTC 2 x86_64 x86_64 x86_64 GNU/Linux
Wednesday 30 October 2024 12:01:43 AM IST
>>>>>ifconfig -a
eno1: flags=4163<UP,BROADCAST,RUNNING,MULTICAST>  mtu 1500
        inet 172.16.115.7  netmask 255.255.248.0  broadcast 172.16.119.255
        inet6 fe80::bdfe:697f:6f80:ee09  prefixlen 64  scopeid 0x20<link>
        ether 6c:02:e0:67:3b:31  txqueuelen 1000  (Ethernet)
        RX packets 274020  bytes 294567140 (294.5 MB)
        RX errors 0  dropped 0  overruns 0  frame 0
        TX packets 110503  bytes 25142215 (25.1 MB)
        TX errors 0  dropped 0 overruns 0  carrier 0  collisions 0
        device interrupt 16  memory 0xe1100000-e1120000  

lo: flags=73<UP,LOOPBACK,RUNNING>  mtu 65536
        inet 127.0.0.1  netmask 255.0.0.0
        inet6 ::1  prefixlen 128  scopeid 0x10<host>
        loop  txqueuelen 1000  (Local Loopback)
        RX packets 7203  bytes 1142790 (1.1 MB)
        RX errors 0  dropped 0  overruns 0  frame 0
        TX packets 7203  bytes 1142790 (1.1 MB)
        TX errors 0  dropped 0 overruns 0  carrier 0  collisions 0

Wednesday 30 October 2024 12:01:43 AM IST
>>>>>id
uid=0(root) gid=0(root) groups=0(root)
Wednesday 30 October 2024 12:01:43 AM IST
>>>>>mount
sysfs on /sys type sysfs (rw,nosuid,nodev,noexec,relatime)
proc on /proc type proc (rw,nosuid,nodev,noexec,relatime)
udev on /dev type devtmpfs (rw,nosuid,relatime,size=8038708k,nr_inodes=2009677,mode=755,inode64)
devpts on /dev/pts type devpts (rw,nosuid,noexec,relatime,gid=5,mode=620,ptmxmode=000)
tmpfs on /run type tmpfs (rw,nosuid,nodev,noexec,relatime,size=1615500k,mode=755,inode64)
/dev/sda2 on / type ext4 (rw,relatime,errors=remount-ro)
securityfs on /sys/kernel/security type securityfs (rw,nosuid,nodev,noexec,relatime)
tmpfs on /dev/shm type tmpfs (rw,nosuid,nodev,inode64)
tmpfs on /run/lock type tmpfs (rw,nosuid,nodev,noexec,relatime,size=5120k,inode64)
cgroup2 on /sys/fs/cgroup type cgroup2 (rw,nosuid,nodev,noexec,relatime,nsdelegate,memory_recursiveprot)
pstore on /sys/fs/pstore type pstore (rw,nosuid,nodev,noexec,relatime)
efivarfs on /sys/firmware/efi/efivars type efivarfs (rw,nosuid,nodev,noexec,relatime)
bpf on /sys/fs/bpf type bpf (rw,nosuid,nodev,noexec,relatime,mode=700)
systemd-1 on /proc/sys/fs/binfmt_misc type autofs (rw,relatime,fd=29,pgrp=1,timeout=0,minproto=5,maxproto=5,direct,pipe_ino=31376)
mqueue on /dev/mqueue type mqueue (rw,nosuid,nodev,noexec,relatime)
debugfs on /sys/kernel/debug type debugfs (rw,nosuid,nodev,noexec,relatime)
tracefs on /sys/kernel/tracing type tracefs (rw,nosuid,nodev,noexec,relatime)
hugetlbfs on /dev/hugepages type hugetlbfs (rw,relatime,pagesize=2M)
fusectl on /sys/fs/fuse/connections type fusectl (rw,nosuid,nodev,noexec,relatime)
configfs on /sys/kernel/config type configfs (rw,nosuid,nodev,noexec,relatime)
ramfs on /run/credentials/systemd-sysusers.service type ramfs (ro,nosuid,nodev,noexec,relatime,mode=700)
/var/lib/snapd/snaps/bare_5.snap on /snap/bare/5 type squashfs (ro,nodev,relatime,errors=continue,x-gdu.hide)
/var/lib/snapd/snaps/core20_2379.snap on /snap/core20/2379 type squashfs (ro,nodev,relatime,errors=continue,x-gdu.hide)
/var/lib/snapd/snaps/core22_1621.snap on /snap/core22/1621 type squashfs (ro,nodev,relatime,errors=continue,x-gdu.hide)
/var/lib/snapd/snaps/gnome-42-2204_172.snap on /snap/gnome-42-2204/172 type squashfs (ro,nodev,relatime,errors=continue,x-gdu.hide)
/var/lib/snapd/snaps/snapd_21184.snap on /snap/snapd/21184 type squashfs (ro,nodev,relatime,errors=continue,x-gdu.hide)
/var/lib/snapd/snaps/snapd-desktop-integration_178.snap on /snap/snapd-desktop-integration/178 type squashfs (ro,nodev,relatime,errors=continue,x-gdu.hide)
/dev/sda2 on /var/snap/firefox/common/host-hunspell type ext4 (ro,noexec,noatime,errors=remount-ro)
/var/lib/snapd/snaps/firefox_4136.snap on /snap/firefox/4136 type squashfs (ro,nodev,relatime,errors=continue,x-gdu.hide)
/var/lib/snapd/snaps/snapd-desktop-integration_253.snap on /snap/snapd-desktop-integration/253 type squashfs (ro,nodev,relatime,errors=continue,x-gdu.hide)
/var/lib/snapd/snaps/snapd_21759.snap on /snap/snapd/21759 type squashfs (ro,nodev,relatime,errors=continue,x-gdu.hide)
/var/lib/snapd/snaps/gnome-3-38-2004_143.snap on /snap/gnome-3-38-2004/143 type squashfs (ro,nodev,relatime,errors=continue,x-gdu.hide)
/var/lib/snapd/snaps/firefox_5134.snap on /snap/firefox/5134 type squashfs (ro,nodev,relatime,errors=continue,x-gdu.hide)
/var/lib/snapd/snaps/snap-store_1113.snap on /snap/snap-store/1113 type squashfs (ro,nodev,relatime,errors=continue,x-gdu.hide)
/var/lib/snapd/snaps/mysql-workbench-community_12.snap on /snap/mysql-workbench-community/12 type squashfs (ro,nodev,relatime,errors=continue,x-gdu.hide)
/var/lib/snapd/snaps/mysql-workbench-community_13.snap on /snap/mysql-workbench-community/13 type squashfs (ro,nodev,relatime,errors=continue,x-gdu.hide)
/var/lib/snapd/snaps/snap-store_959.snap on /snap/snap-store/959 type squashfs (ro,nodev,relatime,errors=continue,x-gdu.hide)
/var/lib/snapd/snaps/gnome-3-38-2004_119.snap on /snap/gnome-3-38-2004/119 type squashfs (ro,nodev,relatime,errors=continue,x-gdu.hide)
/var/lib/snapd/snaps/gtk-common-themes_1535.snap on /snap/gtk-common-themes/1535 type squashfs (ro,nodev,relatime,errors=continue,x-gdu.hide)
/var/lib/snapd/snaps/gnome-42-2204_176.snap on /snap/gnome-42-2204/176 type squashfs (ro,nodev,relatime,errors=continue,x-gdu.hide)
/dev/sda1 on /boot/efi type vfat (rw,relatime,fmask=0077,dmask=0077,codepage=437,iocharset=iso8859-1,shortname=mixed,errors=remount-ro)
binfmt_misc on /proc/sys/fs/binfmt_misc type binfmt_misc (rw,nosuid,nodev,noexec,relatime)
tmpfs on /run/snapd/ns type tmpfs (rw,nosuid,nodev,noexec,relatime,size=1615500k,mode=755,inode64)
nsfs on /run/snapd/ns/snapd-desktop-integration.mnt type nsfs (rw)
tmpfs on /run/user/1000 type tmpfs (rw,nosuid,nodev,relatime,size=1615500k,nr_inodes=403875,mode=700,uid=1000,gid=1000,inode64)
gvfsd-fuse on /run/user/1000/gvfs type fuse.gvfsd-fuse (rw,nosuid,nodev,relatime,user_id=1000,group_id=1000)
portal on /run/user/1000/doc type fuse.portal (rw,nosuid,nodev,relatime,user_id=1000,group_id=1000)
nsfs on /run/snapd/ns/snap-store.mnt type nsfs (rw)
/var/lib/snapd/snaps/core20_2434.snap on /snap/core20/2434 type squashfs (ro,nodev,relatime,errors=continue,x-gdu.hide)
/var/lib/snapd/snaps/core22_1663.snap on /snap/core22/1663 type squashfs (ro,nodev,relatime,errors=continue,x-gdu.hide)
Wednesday 30 October 2024 12:01:43 AM IST
>>>>>memory
MemTotal:       16155000 kB
MemFree:         8064752 kB
MemAvailable:   11548164 kB
Buffers:          111140 kB
Cached:          3712456 kB
SwapCached:            0 kB
Active:          2425608 kB
Inactive:        4895320 kB
Active(anon):       3820 kB
Inactive(anon):  3659016 kB
Active(file):    2421788 kB
Inactive(file):  1236304 kB
Unevictable:         156 kB
Mlocked:              32 kB
SwapTotal:       2097148 kB
SwapFree:        2097148 kB
Zswap:                 0 kB
Zswapped:              0 kB
Dirty:               852 kB
Writeback:             0 kB
AnonPages:       3497512 kB
Mapped:           668884 kB
Shmem:            165504 kB
KReclaimable:     156656 kB
Slab:             393300 kB
SReclaimable:     156656 kB
SUnreclaim:       236644 kB
KernelStack:       18552 kB
PageTables:        43600 kB
NFS_Unstable:          0 kB
Bounce:                0 kB
WritebackTmp:          0 kB
CommitLimit:    10174648 kB
Committed_AS:   12925164 kB
VmallocTotal:   34359738367 kB
VmallocUsed:      169088 kB
VmallocChunk:          0 kB
Percpu:            18752 kB
HardwareCorrupted:     0 kB
AnonHugePages:         0 kB
ShmemHugePages:        0 kB
ShmemPmdMapped:        0 kB
FileHugePages:         0 kB
FilePmdMapped:         0 kB
HugePages_Total:       0
HugePages_Free:        0
HugePages_Rsvd:        0
HugePages_Surp:        0
Hugepagesize:       2048 kB
Hugetlb:               0 kB
DirectMap4k:      537192 kB
DirectMap2M:    12865536 kB
DirectMap1G:     3145728 kB
               total        used        free      shared  buff/cache   available
Mem:        16155000     4110500     8064248      165504     3980252    11547660
Low:        16155000     8090752     8064248
High:              0           0           0
Swap:        2097148           0     2097148
Wednesday 30 October 2024 12:01:43 AM IST
>>>>>ps -ef | grep -i vdb
root       15138    9830  0 00:01 pts/1    00:00:00 sudo ./vdbench -f workload1 anchor=/mnt/virtual_ext4
root       15139   15138  0 00:01 pts/2    00:00:00 sudo ./vdbench -f workload1 anchor=/mnt/virtual_ext4
root       15140   15139  0 00:01 pts/2    00:00:00 /bin/bash ./vdbench -f workload1 anchor=/mnt/virtual_ext4
root       15142   15140 44 00:01 pts/2    00:00:00 java -client -Xmx512m -Xms64m -cp ./:./classes:./vdbench.jar Vdb.Vdbmain -f workload1 anchor=/mnt/virtual_ext4
root       15171   15142  0 00:01 pts/2    00:00:00 /bin/bash /home/ayushsavar/Downloads/Assignment4/Assignment-4/vdbench/vdbench SlaveJvm -m localhost -n localhost-10-241030-00.01.43.209 -l localhost-0 -p 5570
root       15175   15171  0 00:01 pts/2    00:00:00 java -client -Xmx1024m -Xms128m -cp /home/ayushsavar/Downloads/Assignment4/Assignment-4/vdbench/:/home/ayushsavar/Downloads/Assignment4/Assignment-4/vdbench/classes:/home/ayushsavar/Downloads/Assignment4/Assignment-4/vdbench/vdbench.jar Vdb.SlaveJvm SlaveJvm -m localhost -n localhost-10-241030-00.01.43.209 -l localhost-0 -p 5570
root       15209   15142  0 00:01 pts/2    00:00:00 /bin/bash /home/ayushsavar/Downloads/Assignment4/Assignment-4/vdbench/linux/config.sh -o /home/ayushsavar/Downloads/Assignment4/Assignment-4/vdbench/output localhost
root       15225   15209  0 00:01 pts/2    00:00:00 grep -i vdb

